{"type":"server-started","port":58813,"host":"127.0.0.1","url_host":"localhost","url":"http://localhost:58813","screen_dir":"/Users/zzzzk/Documents/Zzzzk/node.js_projects/gigmate/.superpowers/brainstorm/28817-1779451003/content","state_dir":"/Users/zzzzk/Documents/Zzzzk/node.js_projects/gigmate/.superpowers/brainstorm/28817-1779451003/state"}
{"type":"screen-added","file":"/Users/zzzzk/Documents/Zzzzk/node.js_projects/gigmate/.superpowers/brainstorm/28817-1779451003/content/page-structure.html"}
{"source":"user-event","type":"click","text":"A\n      \n        完整版\n        以上 9 个页面全部实现，首页有完整营销内容","choice":"a","id":null,"timestamp":1779451136026}
{"source":"user-event","type":"click","text":"A\n      \n        完整版\n        以上 9 个页面全部实现，首页有完整营销内容","choice":"a","id":null,"timestamp":1779451138545}
{"source":"user-event","type":"click","text":"A\n      \n        完整版\n        以上 9 个页面全部实现，首页有完整营销内容","choice":"a","id":null,"timestamp":1779451138686}
{"source":"user-event","type":"click","text":"B\n      \n        精简版（推荐）\n        去掉单独的 Landing Page，登录后直接进 Dashboard。减少首页开发量，先跑通核心流程","choice":"b","id":null,"timestamp":1779451141601}
{"source":"user-event","type":"click","text":"C\n      \n        MVP 极简版\n        只保留：雇主→发布任务，自由职业者→浏览任务+申请。认证用简单弹窗式切换角色","choice":"c","id":null,"timestamp":1779451142043}
{"source":"user-event","type":"click","text":"B\n      \n        精简版（推荐）\n        去掉单独的 Landing Page，登录后直接进 Dashboard。减少首页开发量，先跑通核心流程","choice":"b","id":null,"timestamp":1779451143166}
{"source":"user-event","type":"click","text":"A\n      \n        完整版\n        以上 9 个页面全部实现，首页有完整营销内容","choice":"a","id":null,"timestamp":1779451144151}
{"source":"user-event","type":"click","text":"A\n      \n        完整版\n        以上 9 个页面全部实现，首页有完整营销内容","choice":"a","id":null,"timestamp":1779451144581}
{"source":"user-event","type":"click","text":"A\n      \n        完整版\n        以上 9 个页面全部实现，首页有完整营销内容","choice":"a","id":null,"timestamp":1779451144734}
{"source":"user-event","type":"click","text":"A\n      \n        完整版\n        以上 9 个页面全部实现，首页有完整营销内容","choice":"a","id":null,"timestamp":1779451160202}
{"source":"user-event","type":"click","text":"A\n      \n        完整版\n        以上 9 个页面全部实现，首页有完整营销内容","choice":"a","id":null,"timestamp":1779451163127}
{"source":"user-event","type":"click","text":"A\n      \n        完整版\n        以上 9 个页面全部实现，首页有完整营销内容","choice":"a","id":null,"timestamp":1779451163272}
{"type":"screen-added","file":"/Users/zzzzk/Documents/Zzzzk/node.js_projects/gigmate/.superpowers/brainstorm/28817-1779451003/content/homepage-layout.html"}
{"type":"screen-added","file":"/Users/zzzzk/Documents/Zzzzk/node.js_projects/gigmate/.superpowers/brainstorm/28817-1779451003/content/homepage-tahoe.html"}
{"type":"screen-added","file":"/Users/zzzzk/Documents/Zzzzk/node.js_projects/gigmate/.superpowers/brainstorm/28817-1779451003/content/dashboard-layout.html"}
{"type":"screen-added","file":"/Users/zzzzk/Documents/Zzzzk/node.js_projects/gigmate/.superpowers/brainstorm/28817-1779451003/content/dashboard-alternatives.html"}
{"type":"screen-added","file":"/Users/zzzzk/Documents/Zzzzk/node.js_projects/gigmate/.superpowers/brainstorm/28817-1779451003/content/dashboard-hybrid.html"}
{"type":"screen-added","file":"/Users/zzzzk/Documents/Zzzzk/node.js_projects/gigmate/.superpowers/brainstorm/28817-1779451003/content/dashboard-colors.html"}
{"type":"screen-added","file":"/Users/zzzzk/Documents/Zzzzk/node.js_projects/gigmate/.superpowers/brainstorm/28817-1779451003/content/dashboard-v2.html"}
{"type":"screen-added","file":"/Users/zzzzk/Documents/Zzzzk/node.js_projects/gigmate/.superpowers/brainstorm/28817-1779451003/content/tasks-page.html"}
{"type":"server-stopped","reason":"idle timeout"}
