{"type":"server-started","port":51114,"host":"127.0.0.1","url_host":"localhost","url":"http://localhost:51114","screen_dir":"/Users/zzzzk/Documents/Zzzzk/node.js_projects/gigmate/.superpowers/brainstorm/32031-1779455580/content","state_dir":"/Users/zzzzk/Documents/Zzzzk/node.js_projects/gigmate/.superpowers/brainstorm/32031-1779455580/state"}
{"type":"screen-added","file":"/Users/zzzzk/Documents/Zzzzk/node.js_projects/gigmate/.superpowers/brainstorm/32031-1779455580/content/tasks-refined.html"}
{"type":"screen-updated","file":"/Users/zzzzk/Documents/Zzzzk/node.js_projects/gigmate/.superpowers/brainstorm/32031-1779455580/content/tasks-refined.html"}
{"type":"screen-added","file":"/Users/zzzzk/Documents/Zzzzk/node.js_projects/gigmate/.superpowers/brainstorm/32031-1779455580/content/employer-pages.html"}
{"type":"screen-updated","file":"/Users/zzzzk/Documents/Zzzzk/node.js_projects/gigmate/.superpowers/brainstorm/32031-1779455580/content/employer-pages.html"}
{"type":"screen-added","file":"/Users/zzzzk/Documents/Zzzzk/node.js_projects/gigmate/.superpowers/brainstorm/32031-1779455580/content/messaging-system.html"}
{"type":"screen-added","file":"/Users/zzzzk/Documents/Zzzzk/node.js_projects/gigmate/.superpowers/brainstorm/32031-1779455580/content/messaging-v2.html"}
{"type":"screen-added","file":"/Users/zzzzk/Documents/Zzzzk/node.js_projects/gigmate/.superpowers/brainstorm/32031-1779455580/content/messaging-v3.html"}
{"type":"screen-added","file":"/Users/zzzzk/Documents/Zzzzk/node.js_projects/gigmate/.superpowers/brainstorm/32031-1779455580/content/bell-slim.html"}
{"type":"screen-added","file":"/Users/zzzzk/Documents/Zzzzk/node.js_projects/gigmate/.superpowers/brainstorm/32031-1779455580/content/messaging-v4.html"}
{"type":"screen-added","file":"/Users/zzzzk/Documents/Zzzzk/node.js_projects/gigmate/.superpowers/brainstorm/32031-1779455580/content/review-01-homepage.html"}
{"type":"screen-updated","file":"/Users/zzzzk/Documents/Zzzzk/node.js_projects/gigmate/.superpowers/brainstorm/32031-1779455580/content/review-01-homepage.html"}
{"type":"screen-updated","file":"/Users/zzzzk/Documents/Zzzzk/node.js_projects/gigmate/.superpowers/brainstorm/32031-1779455580/content/review-01-homepage.html"}
{"type":"screen-added","file":"/Users/zzzzk/Documents/Zzzzk/node.js_projects/gigmate/.superpowers/brainstorm/32031-1779455580/content/review-02-dashboard.html"}
{"type":"screen-updated","file":"/Users/zzzzk/Documents/Zzzzk/node.js_projects/gigmate/.superpowers/brainstorm/32031-1779455580/content/review-02-dashboard.html"}
{"type":"screen-updated","file":"/Users/zzzzk/Documents/Zzzzk/node.js_projects/gigmate/.superpowers/brainstorm/32031-1779455580/content/review-02-dashboard.html"}
{"type":"screen-updated","file":"/Users/zzzzk/Documents/Zzzzk/node.js_projects/gigmate/.superpowers/brainstorm/32031-1779455580/content/review-02-dashboard.html"}
{"type":"screen-updated","file":"/Users/zzzzk/Documents/Zzzzk/node.js_projects/gigmate/.superpowers/brainstorm/32031-1779455580/content/review-02-dashboard.html"}
{"type":"screen-updated","file":"/Users/zzzzk/Documents/Zzzzk/node.js_projects/gigmate/.superpowers/brainstorm/32031-1779455580/content/review-02-dashboard.html"}
{"type":"screen-updated","file":"/Users/zzzzk/Documents/Zzzzk/node.js_projects/gigmate/.superpowers/brainstorm/32031-1779455580/content/review-02-dashboard.html"}
{"type":"screen-updated","file":"/Users/zzzzk/Documents/Zzzzk/node.js_projects/gigmate/.superpowers/brainstorm/32031-1779455580/content/review-02-dashboard.html"}
{"type":"screen-updated","file":"/Users/zzzzk/Documents/Zzzzk/node.js_projects/gigmate/.superpowers/brainstorm/32031-1779455580/content/review-02-dashboard.html"}
{"type":"screen-updated","file":"/Users/zzzzk/Documents/Zzzzk/node.js_projects/gigmate/.superpowers/brainstorm/32031-1779455580/content/review-02-dashboard.html"}
{"type":"screen-updated","file":"/Users/zzzzk/Documents/Zzzzk/node.js_projects/gigmate/.superpowers/brainstorm/32031-1779455580/content/review-02-dashboard.html"}
{"type":"screen-updated","file":"/Users/zzzzk/Documents/Zzzzk/node.js_projects/gigmate/.superpowers/brainstorm/32031-1779455580/content/review-02-dashboard.html"}
{"type":"screen-updated","file":"/Users/zzzzk/Documents/Zzzzk/node.js_projects/gigmate/.superpowers/brainstorm/32031-1779455580/content/review-02-dashboard.html"}
{"type":"screen-updated","file":"/Users/zzzzk/Documents/Zzzzk/node.js_projects/gigmate/.superpowers/brainstorm/32031-1779455580/content/review-02-dashboard.html"}
{"type":"screen-updated","file":"/Users/zzzzk/Documents/Zzzzk/node.js_projects/gigmate/.superpowers/brainstorm/32031-1779455580/content/review-02-dashboard.html"}
{"type":"screen-updated","file":"/Users/zzzzk/Documents/Zzzzk/node.js_projects/gigmate/.superpowers/brainstorm/32031-1779455580/content/review-02-dashboard.html"}
{"type":"screen-updated","file":"/Users/zzzzk/Documents/Zzzzk/node.js_projects/gigmate/.superpowers/brainstorm/32031-1779455580/content/review-02-dashboard.html"}
{"type":"screen-updated","file":"/Users/zzzzk/Documents/Zzzzk/node.js_projects/gigmate/.superpowers/brainstorm/32031-1779455580/content/review-02-dashboard.html"}
{"type":"screen-updated","file":"/Users/zzzzk/Documents/Zzzzk/node.js_projects/gigmate/.superpowers/brainstorm/32031-1779455580/content/review-02-dashboard.html"}
{"type":"screen-updated","file":"/Users/zzzzk/Documents/Zzzzk/node.js_projects/gigmate/.superpowers/brainstorm/32031-1779455580/content/review-02-dashboard.html"}
{"type":"screen-updated","file":"/Users/zzzzk/Documents/Zzzzk/node.js_projects/gigmate/.superpowers/brainstorm/32031-1779455580/content/review-02-dashboard.html"}
{"type":"screen-updated","file":"/Users/zzzzk/Documents/Zzzzk/node.js_projects/gigmate/.superpowers/brainstorm/32031-1779455580/content/review-02-dashboard.html"}
{"type":"screen-updated","file":"/Users/zzzzk/Documents/Zzzzk/node.js_projects/gigmate/.superpowers/brainstorm/32031-1779455580/content/review-02-dashboard.html"}
{"type":"screen-added","file":"/Users/zzzzk/Documents/Zzzzk/node.js_projects/gigmate/.superpowers/brainstorm/32031-1779455580/content/preview-employer.html"}
{"type":"screen-added","file":"/Users/zzzzk/Documents/Zzzzk/node.js_projects/gigmate/.superpowers/brainstorm/32031-1779455580/content/preview-tasks.html"}
{"type":"screen-added","file":"/Users/zzzzk/Documents/Zzzzk/node.js_projects/gigmate/.superpowers/brainstorm/32031-1779455580/content/preview-messaging.html"}
{"type":"screen-updated","file":"/Users/zzzzk/Documents/Zzzzk/node.js_projects/gigmate/.superpowers/brainstorm/32031-1779455580/content/preview-messaging.html"}
{"type":"screen-updated","file":"/Users/zzzzk/Documents/Zzzzk/node.js_projects/gigmate/.superpowers/brainstorm/32031-1779455580/content/preview-messaging.html"}
{"type":"screen-added","file":"/Users/zzzzk/Documents/Zzzzk/node.js_projects/gigmate/.superpowers/brainstorm/32031-1779455580/content/preview-avatar-menu.html"}
{"type":"screen-updated","file":"/Users/zzzzk/Documents/Zzzzk/node.js_projects/gigmate/.superpowers/brainstorm/32031-1779455580/content/preview-avatar-menu.html"}
{"type":"server-stopped","reason":"idle timeout"}
